2026-03-15T22:54:04.040+05:30  WARN 16296 --- [product-service] [ProductServicePool housekeeper] com.zaxxer.hikari.pool.HikariPool        : ProductServicePool - Thread starvation or clock leap detected (housekeeper delta=22h58m24s971ms194µs100ns).
2026-03-15T22:55:41.996+05:30  INFO 16296 --- [product-service] [SpringApplicationShutdownHook] j.LocalContainerEntityManagerFactoryBean : Closing JPA EntityManagerFactory for persistence unit 'default'
2026-03-15T22:55:42.191+05:30  INFO 16296 --- [product-service] [SpringApplicationShutdownHook] com.zaxxer.hikari.HikariDataSource       : ProductServicePool - Shutdown initiated...
2026-03-15T22:55:42.306+05:30  INFO 16296 --- [product-service] [SpringApplicationShutdownHook] com.zaxxer.hikari.HikariDataSource       : ProductServicePool - Shutdown completed.
2026-03-15T23:40:21.208+05:30  INFO 20748 --- [product-service] [main] c.e.p.ProductServiceApplication          : Starting ProductServiceApplication using Java 21.0.2 with PID 20748 (F:\Ecommerce Production Level Application\product-service\target\classes started by nanda royality in F:\Ecommerce Production Level Application\user-service)
2026-03-15T23:40:21.309+05:30 DEBUG 20748 --- [product-service] [main] c.e.p.ProductServiceApplication          : Running with Spring Boot v3.2.3, Spring v6.1.4
2026-03-15T23:40:21.310+05:30  INFO 20748 --- [product-service] [main] c.e.p.ProductServiceApplication          : No active profile set, falling back to 1 default profile: "default"
2026-03-15T23:40:24.157+05:30  INFO 20748 --- [product-service] [main] .s.d.r.c.RepositoryConfigurationDelegate : Multiple Spring Data modules found, entering strict repository configuration mode
2026-03-15T23:40:24.160+05:30  INFO 20748 --- [product-service] [main] .s.d.r.c.RepositoryConfigurationDelegate : Bootstrapping Spring Data JPA repositories in DEFAULT mode.
2026-03-15T23:40:24.352+05:30  INFO 20748 --- [product-service] [main] .s.d.r.c.RepositoryConfigurationDelegate : Finished Spring Data repository scanning in 179 ms. Found 5 JPA repository interfaces.
2026-03-15T23:40:24.759+05:30  INFO 20748 --- [product-service] [main] o.s.cloud.context.scope.GenericScope     : BeanFactory id=53a89b90-b998-346a-b126-5c5a932464bc
2026-03-15T23:40:25.799+05:30  INFO 20748 --- [product-service] [main] o.s.b.w.embedded.tomcat.TomcatWebServer  : Tomcat initialized with port 8082 (http)
2026-03-15T23:40:25.827+05:30  INFO 20748 --- [product-service] [main] o.apache.catalina.core.StandardService   : Starting service [Tomcat]
2026-03-15T23:40:25.828+05:30  INFO 20748 --- [product-service] [main] o.apache.catalina.core.StandardEngine    : Starting Servlet engine: [Apache Tomcat/10.1.19]
2026-03-15T23:40:25.949+05:30  INFO 20748 --- [product-service] [main] o.a.c.c.C.[Tomcat].[localhost].[/]       : Initializing Spring embedded WebApplicationContext
2026-03-15T23:40:25.949+05:30  INFO 20748 --- [product-service] [main] w.s.c.ServletWebServerApplicationContext : Root WebApplicationContext: initialization completed in 4514 ms
2026-03-15T23:40:26.236+05:30 DEBUG 20748 --- [product-service] [main] c.e.p.security.JwtAuthenticationFilter   : Filter 'jwtAuthenticationFilter' configured for use
2026-03-15T23:40:26.342+05:30  INFO 20748 --- [product-service] [main] com.zaxxer.hikari.HikariDataSource       : ProductServicePool - Starting...
2026-03-15T23:40:26.595+05:30  INFO 20748 --- [product-service] [main] com.zaxxer.hikari.pool.HikariPool        : ProductServicePool - Added connection com.mysql.cj.jdbc.ConnectionImpl@3acc3ee
2026-03-15T23:40:26.598+05:30  INFO 20748 --- [product-service] [main] com.zaxxer.hikari.HikariDataSource       : ProductServicePool - Start completed.
2026-03-15T23:40:26.741+05:30  INFO 20748 --- [product-service] [main] o.f.c.internal.license.VersionPrinter    : Flyway Community Edition 9.22.3 by Redgate
2026-03-15T23:40:26.741+05:30  INFO 20748 --- [product-service] [main] o.f.c.internal.license.VersionPrinter    : See release notes here: https://rd.gt/416ObMi
2026-03-15T23:40:26.742+05:30  INFO 20748 --- [product-service] [main] o.f.c.internal.license.VersionPrinter    : 
2026-03-15T23:40:26.778+05:30  INFO 20748 --- [product-service] [main] org.flywaydb.core.FlywayExecutor         : Database: jdbc:mysql://localhost:3306/product_db (MySQL 8.0)
2026-03-15T23:40:26.847+05:30  INFO 20748 --- [product-service] [main] o.f.core.internal.command.DbValidate     : Successfully validated 0 migrations (execution time 00:00.030s)
2026-03-15T23:40:26.847+05:30  WARN 20748 --- [product-service] [main] o.f.core.internal.command.DbValidate     : No migrations found. Are your locations set up correctly?
2026-03-15T23:40:26.869+05:30  INFO 20748 --- [product-service] [main] o.f.core.internal.command.DbMigrate      : Current version of schema `product_db`: << Empty Schema >>
2026-03-15T23:40:26.874+05:30  INFO 20748 --- [product-service] [main] o.f.core.internal.command.DbMigrate      : Schema `product_db` is up to date. No migration necessary.
2026-03-15T23:40:27.017+05:30  INFO 20748 --- [product-service] [main] o.hibernate.jpa.internal.util.LogHelper  : HHH000204: Processing PersistenceUnitInfo [name: default]
2026-03-15T23:40:27.142+05:30  INFO 20748 --- [product-service] [main] org.hibernate.Version                    : HHH000412: Hibernate ORM core version 6.4.4.Final
2026-03-15T23:40:27.188+05:30  INFO 20748 --- [product-service] [main] o.h.c.internal.RegionFactoryInitiator    : HHH000026: Second-level cache disabled
2026-03-15T23:40:27.478+05:30  INFO 20748 --- [product-service] [main] o.s.o.j.p.SpringPersistenceUnitInfo      : No LoadTimeWeaver setup: ignoring JPA class transformer
2026-03-15T23:40:27.556+05:30  WARN 20748 --- [product-service] [main] org.hibernate.orm.deprecation            : HHH90000025: MySQLDialect does not need to be specified explicitly using 'hibernate.dialect' (remove the property setting and it will be selected by default)
2026-03-15T23:40:28.740+05:30  INFO 20748 --- [product-service] [main] o.h.e.t.j.p.i.JtaPlatformInitiator       : HHH000489: No JTA platform available (set 'hibernate.transaction.jta.platform' to enable JTA platform integration)
2026-03-15T23:40:28.877+05:30  INFO 20748 --- [product-service] [main] j.LocalContainerEntityManagerFactoryBean : Initialized JPA EntityManagerFactory for persistence unit 'default'
2026-03-15T23:40:30.528+05:30  INFO 20748 --- [product-service] [main] o.s.d.j.r.query.QueryEnhancerFactory     : Hibernate is in classpath; If applicable, HQL parser will be used.
2026-03-15T23:40:33.292+05:30  WARN 20748 --- [product-service] [main] .s.s.UserDetailsServiceAutoConfiguration : 

Using generated security password: a2d2dfe6-f6e6-4364-afe0-a16166c4b7bf

This generated password is for development use only. Your security configuration must be updated before running your application in production.

2026-03-15T23:40:34.149+05:30  INFO 20748 --- [product-service] [main] o.s.b.a.e.web.EndpointLinksResolver      : Exposing 1 endpoint(s) beneath base path '/actuator'
2026-03-15T23:40:34.342+05:30  INFO 20748 --- [product-service] [main] o.s.s.web.DefaultSecurityFilterChain     : Will secure any request with [org.springframework.security.web.session.DisableEncodeUrlFilter@6fd77c16, org.springframework.security.web.context.request.async.WebAsyncManagerIntegrationFilter@6b41df80, org.springframework.security.web.context.SecurityContextHolderFilter@2a063e1a, org.springframework.security.web.header.HeaderWriterFilter@214844cc, org.springframework.web.filter.CorsFilter@56dde963, org.springframework.security.web.authentication.logout.LogoutFilter@516c8f5a, com.ecommerce.product_service.security.JwtAuthenticationFilter@5034681f, org.springframework.security.web.savedrequest.RequestCacheAwareFilter@537caf04, org.springframework.security.web.servletapi.SecurityContextHolderAwareRequestFilter@767c34a0, org.springframework.security.web.authentication.AnonymousAuthenticationFilter@35537fe, org.springframework.security.web.session.SessionManagementFilter@5e3d3bfd, org.springframework.security.web.access.ExceptionTranslationFilter@52a72430, org.springframework.security.web.access.intercept.AuthorizationFilter@442ca132]
2026-03-15T23:40:35.761+05:30  INFO 20748 --- [product-service] [main] o.a.k.clients.admin.AdminClientConfig    : AdminClientConfig values: 
	auto.include.jmx.reporter = true
	bootstrap.servers = [localhost:9092]
	client.dns.lookup = use_all_dns_ips
	client.id = 
	connections.max.idle.ms = 300000
	default.api.timeout.ms = 60000
	metadata.max.age.ms = 300000
	metric.reporters = []
	metrics.num.samples = 2
	metrics.recording.level = INFO
	metrics.sample.window.ms = 30000
	receive.buffer.bytes = 65536
	reconnect.backoff.max.ms = 1000
	reconnect.backoff.ms = 50
	request.timeout.ms = 30000
	retries = 2147483647
	retry.backoff.ms = 100
	sasl.client.callback.handler.class = null
	sasl.jaas.config = null
	sasl.kerberos.kinit.cmd = /usr/bin/kinit
	sasl.kerberos.min.time.before.relogin = 60000
	sasl.kerberos.service.name = null
	sasl.kerberos.ticket.renew.jitter = 0.05
	sasl.kerberos.ticket.renew.window.factor = 0.8
	sasl.login.callback.handler.class = null
	sasl.login.class = null
	sasl.login.connect.timeout.ms = null
	sasl.login.read.timeout.ms = null
	sasl.login.refresh.buffer.seconds = 300
	sasl.login.refresh.min.period.seconds = 60
	sasl.login.refresh.window.factor = 0.8
	sasl.login.refresh.window.jitter = 0.05
	sasl.login.retry.backoff.max.ms = 10000
	sasl.login.retry.backoff.ms = 100
	sasl.mechanism = GSSAPI
	sasl.oauthbearer.clock.skew.seconds = 30
	sasl.oauthbearer.expected.audience = null
	sasl.oauthbearer.expected.issuer = null
	sasl.oauthbearer.jwks.endpoint.refresh.ms = 3600000
	sasl.oauthbearer.jwks.endpoint.retry.backoff.max.ms = 10000
	sasl.oauthbearer.jwks.endpoint.retry.backoff.ms = 100
	sasl.oauthbearer.jwks.endpoint.url = null
	sasl.oauthbearer.scope.claim.name = scope
	sasl.oauthbearer.sub.claim.name = sub
	sasl.oauthbearer.token.endpoint.url = null
	security.protocol = PLAINTEXT
	security.providers = null
	send.buffer.bytes = 131072
	socket.connection.setup.timeout.max.ms = 30000
	socket.connection.setup.timeout.ms = 10000
	ssl.cipher.suites = null
	ssl.enabled.protocols = [TLSv1.2, TLSv1.3]
	ssl.endpoint.identification.algorithm = https
	ssl.engine.factory.class = null
	ssl.key.password = null
	ssl.keymanager.algorithm = SunX509
	ssl.keystore.certificate.chain = null
	ssl.keystore.key = null
	ssl.keystore.location = null
	ssl.keystore.password = null
	ssl.keystore.type = JKS
	ssl.protocol = TLSv1.3
	ssl.provider = null
	ssl.secure.random.implementation = null
	ssl.trustmanager.algorithm = PKIX
	ssl.truststore.certificates = null
	ssl.truststore.location = null
	ssl.truststore.password = null
	ssl.truststore.type = JKS

2026-03-15T23:40:36.097+05:30  INFO 20748 --- [product-service] [main] o.a.kafka.common.utils.AppInfoParser     : Kafka version: 3.6.1
2026-03-15T23:40:36.097+05:30  INFO 20748 --- [product-service] [main] o.a.kafka.common.utils.AppInfoParser     : Kafka commitId: 5e3c2b738d253ff5
2026-03-15T23:40:36.098+05:30  INFO 20748 --- [product-service] [main] o.a.kafka.common.utils.AppInfoParser     : Kafka startTimeMs: 1773598236095
2026-03-15T23:40:36.682+05:30  INFO 20748 --- [product-service] [kafka-admin-client-thread | adminclient-1] o.a.kafka.common.utils.AppInfoParser     : App info kafka.admin.client for adminclient-1 unregistered
2026-03-15T23:40:36.687+05:30  INFO 20748 --- [product-service] [kafka-admin-client-thread | adminclient-1] o.apache.kafka.common.metrics.Metrics    : Metrics scheduler closed
2026-03-15T23:40:36.688+05:30  INFO 20748 --- [product-service] [kafka-admin-client-thread | adminclient-1] o.apache.kafka.common.metrics.Metrics    : Closing reporter org.apache.kafka.common.metrics.JmxReporter
2026-03-15T23:40:36.688+05:30  INFO 20748 --- [product-service] [kafka-admin-client-thread | adminclient-1] o.apache.kafka.common.metrics.Metrics    : Metrics reporters closed
2026-03-15T23:40:36.716+05:30  INFO 20748 --- [product-service] [main] o.s.b.w.embedded.tomcat.TomcatWebServer  : Tomcat started on port 8082 (http) with context path ''
2026-03-15T23:40:36.743+05:30  INFO 20748 --- [product-service] [main] c.e.p.ProductServiceApplication          : Started ProductServiceApplication in 16.341 seconds (process running for 17.211)
2026-03-15T23:42:45.228+05:30  INFO 20748 --- [product-service] [http-nio-8082-exec-1] o.a.c.c.C.[Tomcat].[localhost].[/]       : Initializing Spring DispatcherServlet 'dispatcherServlet'
2026-03-15T23:42:45.239+05:30  INFO 20748 --- [product-service] [http-nio-8082-exec-1] o.s.web.servlet.DispatcherServlet        : Initializing Servlet 'dispatcherServlet'
2026-03-15T23:42:45.244+05:30  INFO 20748 --- [product-service] [http-nio-8082-exec-1] o.s.web.servlet.DispatcherServlet        : Completed initialization in 5 ms
2026-03-15T23:42:45.565+05:30  WARN 20748 --- [product-service] [http-nio-8082-exec-1] org.hibernate.orm.query                  : HHH90003004: firstResult/maxResults specified with collection fetch; applying in memory
2026-03-15T23:42:45.677+05:30 DEBUG 20748 --- [product-service] [http-nio-8082-exec-1] org.hibernate.SQL                        : 
    select
        distinct p1_0.id,
        p1_0.attributes,
        p1_0.average_rating,
        p1_0.brand_name,
        p1_0.category_id,
        c1_0.id,
        c1_0.created_at,
        c1_0.description,
        c1_0.display_order,
        c1_0.image_url,
        c1_0.is_active,
        c1_0.name,
        c1_0.parent_id,
        c1_0.slug,
        p1_0.compare_at_price,
        p1_0.cost_price,
        p1_0.created_at,
        p1_0.description,
        i1_0.product_id,
        i1_0.id,
        i1_0.alt_text,
        i1_0.display_order,
        i1_0.image_url,
        i1_0.is_primary,
        i2_0.id,
        i2_0.last_updated,
        i2_0.low_stock_threshold,
        i2_0.product_id,
        i2_0.quantity,
        i2_0.reserved_quantity,
        i2_0.warehouse_location,
        p1_0.name,
        p1_0.price,
        p1_0.review_count,
        p1_0.short_description,
        p1_0.sku,
        p1_0.sold_count,
        p1_0.status,
        p1_0.tags,
        p1_0.updated_at,
        p1_0.version,
        p1_0.view_count,
        p1_0.weight 
    from
        products p1_0 
    left join
        product_images i1_0 
            on p1_0.id=i1_0.product_id 
    left join
        inventories i2_0 
            on p1_0.id=i2_0.product_id 
    left join
        categories c1_0 
            on c1_0.id=p1_0.category_id 
    where
        p1_0.status=? 
    order by
        p1_0.created_at desc
2026-03-15T23:44:43.494+05:30  INFO 20748 --- [product-service] [http-nio-8082-exec-8] o.springdoc.api.AbstractOpenApiResource  : Init duration for springdoc-openapi is: 1720 ms
